INFO:     Started server process [6824]
INFO:     Waiting for application startup.
2026-09-29 00:37:59,647 [INFO] supply-chain-mas: [startup] seed loaded: True
INFO:     Application startup complete.
INFO:     Uvicorn running on http://127.0.0.1:8000 (Press CTRL+C to quit)
2026-09-29 00:38:02,769 [INFO] supply-chain-mas: [sim] {'ok': True, 'shipment_id': 'SHP-002', 'risk_score': 29.0, 'risk_level': 'LOW', 'action': 'Reroute shipment', 'total_cost': 16000.0, 'alert': None}
2026-09-29 00:38:07,801 [INFO] supply-chain-mas: [sim] {'ok': True, 'shipment_id': 'SHP-004', 'risk_score': 11.0, 'risk_level': 'LOW', 'action': 'Reroute shipment', 'total_cost': 19000.0, 'alert': None}
2026-09-29 00:38:12,838 [INFO] supply-chain-mas: [sim] {'ok': True, 'shipment_id': 'SHP-003', 'risk_score': 63.0, 'risk_level': 'HIGH', 'action': 'Reroute shipment', 'total_cost': 22000.0, 'alert': 'HIGH risk (63.0/100) on SHP-003: Heavy rainfall (115mm) increased route risk.'}
2026-09-29 00:38:17,856 [INFO] supply-chain-mas: [sim] {'ok': True, 'shipment_id': 'SHP-002', 'risk_score': 50.0, 'risk_level': 'MEDIUM', 'action': 'Reroute shipment', 'total_cost': 16000.0, 'alert': None}
2026-09-29 00:38:22,890 [INFO] supply-chain-mas: [sim] {'ok': True, 'shipment_id': 'SHP-003', 'risk_score': 79.0, 'risk_level': 'HIGH', 'action': 'Use alternate supplier', 'total_cost': 28000.0, 'alert': 'HIGH risk (79.0/100) on SHP-003: Heavy rainfall (102mm) increased route risk.'}
2026-09-29 00:38:27,909 [INFO] supply-chain-mas: [sim] {'ok': True, 'shipment_id': 'SHP-003', 'risk_score': 44.0, 'risk_level': 'MEDIUM', 'action': 'Reroute shipment', 'total_cost': 22000.0, 'alert': None}
2026-09-29 00:38:32,947 [INFO] supply-chain-mas: [sim] {'ok': True, 'shipment_id': 'SHP-001', 'risk_score': 80.0, 'risk_level': 'CRITICAL', 'action': 'Use alternate supplier', 'total_cost': 20000.0, 'alert': 'CRITICAL risk (80.0/100) on SHP-001: Heavy rainfall (99mm) increased route risk.'}
2026-09-29 00:38:37,959 [INFO] supply-chain-mas: [sim] {'ok': True, 'shipment_id': 'SHP-002', 'risk_score': 46.0, 'risk_level': 'MEDIUM', 'action': 'Reroute shipment', 'total_cost': 16000.0, 'alert': None}
2026-09-29 00:38:42,991 [INFO] supply-chain-mas: [sim] {'ok': True, 'shipment_id': 'SHP-002', 'risk_score': 17.0, 'risk_level': 'LOW', 'action': 'Reroute shipment', 'total_cost': 16000.0, 'alert': None}
2026-09-29 00:38:48,023 [INFO] supply-chain-mas: [sim] {'ok': True, 'shipment_id': 'SHP-003', 'risk_score': 56.0, 'risk_level': 'MEDIUM', 'action': 'Reroute shipment', 'total_cost': 22000.0, 'alert': None}
2026-09-29 00:38:53,057 [INFO] supply-chain-mas: [sim] {'ok': True, 'shipment_id': 'SHP-001', 'risk_score': 63.0, 'risk_level': 'HIGH', 'action': 'Reroute shipment', 'total_cost': 14000.0, 'alert': 'HIGH risk (63.0/100) on SHP-001: Moderate rainfall (68mm) raised risk.'}
2026-09-29 00:38:58,090 [INFO] supply-chain-mas: [sim] {'ok': True, 'shipment_id': 'SHP-003', 'risk_score': 93.0, 'risk_level': 'CRITICAL', 'action': 'Use alternate supplier', 'total_cost': 28000.0, 'alert': 'CRITICAL risk (93.0/100) on SHP-003: Heavy rainfall (94mm) increased route risk.'}
2026-09-29 00:39:03,124 [INFO] supply-chain-mas: [sim] {'ok': True, 'shipment_id': 'SHP-004', 'risk_score': 41.0, 'risk_level': 'MEDIUM', 'action': 'Reroute shipment', 'total_cost': 19000.0, 'alert': None}
2026-09-29 00:39:08,165 [INFO] supply-chain-mas: [sim] {'ok': True, 'shipment_id': 'SHP-002', 'risk_score': 11.0, 'risk_level': 'LOW', 'action': 'Reroute shipment', 'total_cost': 16000.0, 'alert': None}
2026-09-29 00:39:13,175 [INFO] supply-chain-mas: [sim] {'ok': True, 'shipment_id': 'SHP-001', 'risk_score': 59.0, 'risk_level': 'MEDIUM', 'action': 'Reroute shipment', 'total_cost': 14000.0, 'alert': None}
2026-09-29 00:39:18,201 [INFO] supply-chain-mas: [sim] {'ok': True, 'shipment_id': 'SHP-003', 'risk_score': 58.0, 'risk_level': 'MEDIUM', 'action': 'Reroute shipment', 'total_cost': 22000.0, 'alert': None}
2026-09-29 00:39:23,225 [INFO] supply-chain-mas: [sim] {'ok': True, 'shipment_id': 'SHP-003', 'risk_score': 93.0, 'risk_level': 'CRITICAL', 'action': 'Use alternate supplier', 'total_cost': 28000.0, 'alert': 'CRITICAL risk (93.0/100) on SHP-003: Heavy rainfall (115mm) increased route risk.'}
2026-09-29 00:39:28,242 [INFO] supply-chain-mas: [sim] {'ok': True, 'shipment_id': 'SHP-002', 'risk_score': 57.0, 'risk_level': 'MEDIUM', 'action': 'Reroute shipment', 'total_cost': 16000.0, 'alert': None}
2026-09-29 00:39:33,268 [INFO] supply-chain-mas: [sim] {'ok': True, 'shipment_id': 'SHP-002', 'risk_score': 23.0, 'risk_level': 'LOW', 'action': 'Reroute shipment', 'total_cost': 16000.0, 'alert': None}
2026-09-29 00:39:38,292 [INFO] supply-chain-mas: [sim] {'ok': True, 'shipment_id': 'SHP-002', 'risk_score': 23.0, 'risk_level': 'LOW', 'action': 'Reroute shipment', 'total_cost': 16000.0, 'alert': None}
2026-09-29 00:39:43,326 [INFO] supply-chain-mas: [sim] {'ok': True, 'shipment_id': 'SHP-005', 'risk_score': 48.0, 'risk_level': 'MEDIUM', 'action': 'Reroute shipment', 'total_cost': 13000.0, 'alert': None}
2026-09-29 00:39:48,371 [INFO] supply-chain-mas: [sim] {'ok': True, 'shipment_id': 'SHP-004', 'risk_score': 31.0, 'risk_level': 'LOW', 'action': 'Reroute shipment', 'total_cost': 19000.0, 'alert': None}
2026-09-29 00:39:53,408 [INFO] supply-chain-mas: [sim] {'ok': True, 'shipment_id': 'SHP-005', 'risk_score': 30.0, 'risk_level': 'LOW', 'action': 'Reroute shipment', 'total_cost': 13000.0, 'alert': None}
2026-09-29 00:39:58,442 [INFO] supply-chain-mas: [sim] {'ok': True, 'shipment_id': 'SHP-003', 'risk_score': 48.0, 'risk_level': 'MEDIUM', 'action': 'Reroute shipment', 'total_cost': 22000.0, 'alert': None}
2026-09-29 00:40:03,481 [INFO] supply-chain-mas: [sim] {'ok': True, 'shipment_id': 'SHP-004', 'risk_score': 62.0, 'risk_level': 'HIGH', 'action': 'Reroute shipment', 'total_cost': 19000.0, 'alert': 'HIGH risk (62.0/100) on SHP-004: Heavy rainfall (122mm) increased route risk.'}
2026-09-29 00:40:08,506 [INFO] supply-chain-mas: [sim] {'ok': True, 'shipment_id': 'SHP-001', 'risk_score': 53.0, 'risk_level': 'MEDIUM', 'action': 'Reroute shipment', 'total_cost': 14000.0, 'alert': None}
2026-09-29 00:40:13,530 [INFO] supply-chain-mas: [sim] {'ok': True, 'shipment_id': 'SHP-002', 'risk_score': 17.0, 'risk_level': 'LOW', 'action': 'Reroute shipment', 'total_cost': 16000.0, 'alert': None}
2026-09-29 00:40:18,573 [INFO] supply-chain-mas: [sim] {'ok': True, 'shipment_id': 'SHP-003', 'risk_score': 90.0, 'risk_level': 'CRITICAL', 'action': 'Use alternate supplier', 'total_cost': 28000.0, 'alert': 'CRITICAL risk (90.0/100) on SHP-003: Heavy rainfall (82mm) increased route risk.'}
2026-09-29 00:40:23,598 [INFO] supply-chain-mas: [sim] {'ok': True, 'shipment_id': 'SHP-005', 'risk_score': 78.0, 'risk_level': 'HIGH', 'action': 'Use alternate supplier', 'total_cost': 19000.0, 'alert': 'HIGH risk (78.0/100) on SHP-005: Heavy rainfall (112mm) increased route risk.'}
2026-09-29 00:40:28,625 [INFO] supply-chain-mas: [sim] {'ok': True, 'shipment_id': 'SHP-004', 'risk_score': 57.0, 'risk_level': 'MEDIUM', 'action': 'Reroute shipment', 'total_cost': 19000.0, 'alert': None}
2026-09-29 00:40:33,669 [INFO] supply-chain-mas: [sim] {'ok': True, 'shipment_id': 'SHP-003', 'risk_score': 71.0, 'risk_level': 'HIGH', 'action': 'Reroute shipment', 'total_cost': 22000.0, 'alert': 'HIGH risk (71.0/100) on SHP-003: Light rainfall (39mm) slightly raised risk.'}
2026-09-29 00:40:38,736 [INFO] supply-chain-mas: [sim] {'ok': True, 'shipment_id': 'SHP-001', 'risk_score': 61.0, 'risk_level': 'HIGH', 'action': 'Reroute shipment', 'total_cost': 14000.0, 'alert': 'HIGH risk (61.0/100) on SHP-001: Moderate rainfall (79mm) raised risk.'}
2026-09-29 00:40:43,762 [INFO] supply-chain-mas: [sim] {'ok': True, 'shipment_id': 'SHP-001', 'risk_score': 49.0, 'risk_level': 'MEDIUM', 'action': 'Reroute shipment', 'total_cost': 14000.0, 'alert': None}
2026-09-29 00:40:48,798 [INFO] supply-chain-mas: [sim] {'ok': True, 'shipment_id': 'SHP-004', 'risk_score': 41.0, 'risk_level': 'MEDIUM', 'action': 'Reroute shipment', 'total_cost': 19000.0, 'alert': None}
2026-09-29 00:40:53,852 [INFO] supply-chain-mas: [sim] {'ok': True, 'shipment_id': 'SHP-001', 'risk_score': 67.0, 'risk_level': 'HIGH', 'action': 'Reroute shipment', 'total_cost': 14000.0, 'alert': 'HIGH risk (67.0/100) on SHP-001: Heavy rainfall (128mm) increased route risk.'}
2026-09-29 00:40:58,875 [INFO] supply-chain-mas: [sim] {'ok': True, 'shipment_id': 'SHP-005', 'risk_score': 38.0, 'risk_level': 'MEDIUM', 'action': 'Reroute shipment', 'total_cost': 13000.0, 'alert': None}
2026-09-29 00:41:03,929 [INFO] supply-chain-mas: [sim] {'ok': True, 'shipment_id': 'SHP-001', 'risk_score': 66.0, 'risk_level': 'HIGH', 'action': 'Reroute shipment', 'total_cost': 14000.0, 'alert': 'HIGH risk (66.0/100) on SHP-001: Heavy rainfall (137mm) increased route risk.'}
2026-09-29 00:41:08,960 [INFO] supply-chain-mas: [sim] {'ok': True, 'shipment_id': 'SHP-004', 'risk_score': 60.0, 'risk_level': 'HIGH', 'action': 'Reroute shipment', 'total_cost': 19000.0, 'alert': 'HIGH risk (60.0/100) on SHP-004: Heavy rainfall (109mm) increased route risk.'}
2026-09-29 00:41:13,998 [INFO] supply-chain-mas: [sim] {'ok': True, 'shipment_id': 'SHP-003', 'risk_score': 56.0, 'risk_level': 'MEDIUM', 'action': 'Reroute shipment', 'total_cost': 22000.0, 'alert': None}
2026-09-29 00:41:19,037 [INFO] supply-chain-mas: [sim] {'ok': True, 'shipment_id': 'SHP-005', 'risk_score': 54.0, 'risk_level': 'MEDIUM', 'action': 'Reroute shipment', 'total_cost': 13000.0, 'alert': None}
2026-09-29 00:41:24,056 [INFO] supply-chain-mas: [sim] {'ok': True, 'shipment_id': 'SHP-001', 'risk_score': 35.0, 'risk_level': 'MEDIUM', 'action': 'Reroute shipment', 'total_cost': 14000.0, 'alert': None}
2026-09-29 00:41:29,076 [INFO] supply-chain-mas: [sim] {'ok': True, 'shipment_id': 'SHP-002', 'risk_score': 27.0, 'risk_level': 'LOW', 'action': 'Reroute shipment', 'total_cost': 16000.0, 'alert': None}
2026-09-29 00:41:34,136 [INFO] supply-chain-mas: [sim] {'ok': True, 'shipment_id': 'SHP-003', 'risk_score': 50.0, 'risk_level': 'MEDIUM', 'action': 'Reroute shipment', 'total_cost': 22000.0, 'alert': None}
2026-09-29 00:41:39,175 [INFO] supply-chain-mas: [sim] {'ok': True, 'shipment_id': 'SHP-005', 'risk_score': 38.0, 'risk_level': 'MEDIUM', 'action': 'Reroute shipment', 'total_cost': 13000.0, 'alert': None}
2026-09-29 00:41:44,203 [INFO] supply-chain-mas: [sim] {'ok': True, 'shipment_id': 'SHP-004', 'risk_score': 5.0, 'risk_level': 'LOW', 'action': 'Reroute shipment', 'total_cost': 19000.0, 'alert': None}
2026-09-29 00:41:49,242 [INFO] supply-chain-mas: [sim] {'ok': True, 'shipment_id': 'SHP-001', 'risk_score': 25.0, 'risk_level': 'LOW', 'action': 'Reroute shipment', 'total_cost': 14000.0, 'alert': None}
2026-09-29 00:41:54,276 [INFO] supply-chain-mas: [sim] {'ok': True, 'shipment_id': 'SHP-002', 'risk_score': 25.0, 'risk_level': 'LOW', 'action': 'Reroute shipment', 'total_cost': 16000.0, 'alert': None}
2026-09-29 00:41:59,314 [INFO] supply-chain-mas: [sim] {'ok': True, 'shipment_id': 'SHP-004', 'risk_score': 54.0, 'risk_level': 'MEDIUM', 'action': 'Reroute shipment', 'total_cost': 19000.0, 'alert': None}
2026-09-29 00:42:04,351 [INFO] supply-chain-mas: [sim] {'ok': True, 'shipment_id': 'SHP-003', 'risk_score': 64.0, 'risk_level': 'HIGH', 'action': 'Reroute shipment', 'total_cost': 22000.0, 'alert': 'HIGH risk (64.0/100) on SHP-003: Moderate rainfall (42mm) raised risk.'}
2026-09-29 00:42:09,362 [INFO] supply-chain-mas: [sim] {'ok': True, 'shipment_id': 'SHP-003', 'risk_score': 50.0, 'risk_level': 'MEDIUM', 'action': 'Reroute shipment', 'total_cost': 22000.0, 'alert': None}
2026-09-29 00:42:14,379 [INFO] supply-chain-mas: [sim] {'ok': True, 'shipment_id': 'SHP-004', 'risk_score': 41.0, 'risk_level': 'MEDIUM', 'action': 'Reroute shipment', 'total_cost': 19000.0, 'alert': None}
2026-09-29 00:42:19,395 [INFO] supply-chain-mas: [sim] {'ok': True, 'shipment_id': 'SHP-004', 'risk_score': 17.0, 'risk_level': 'LOW', 'action': 'Reroute shipment', 'total_cost': 19000.0, 'alert': None}
2026-09-29 00:42:24,428 [INFO] supply-chain-mas: [sim] {'ok': True, 'shipment_id': 'SHP-003', 'risk_score': 44.0, 'risk_level': 'MEDIUM', 'action': 'Reroute shipment', 'total_cost': 22000.0, 'alert': None}
2026-09-29 00:42:29,464 [INFO] supply-chain-mas: [sim] {'ok': True, 'shipment_id': 'SHP-005', 'risk_score': 75.0, 'risk_level': 'HIGH', 'action': 'Reroute shipment', 'total_cost': 13000.0, 'alert': 'HIGH risk (75.0/100) on SHP-005: Heavy rainfall (83mm) increased route risk.'}
2026-09-29 00:42:34,492 [INFO] supply-chain-mas: [sim] {'ok': True, 'shipment_id': 'SHP-001', 'risk_score': 51.0, 'risk_level': 'MEDIUM', 'action': 'Reroute shipment', 'total_cost': 14000.0, 'alert': None}
2026-09-29 00:42:39,515 [INFO] supply-chain-mas: [sim] {'ok': True, 'shipment_id': 'SHP-002', 'risk_score': 31.0, 'risk_level': 'LOW', 'action': 'Reroute shipment', 'total_cost': 16000.0, 'alert': None}
2026-09-29 00:42:44,549 [INFO] supply-chain-mas: [sim] {'ok': True, 'shipment_id': 'SHP-003', 'risk_score': 74.0, 'risk_level': 'HIGH', 'action': 'Reroute shipment', 'total_cost': 22000.0, 'alert': 'HIGH risk (74.0/100) on SHP-003: Light rainfall (15mm) slightly raised risk.'}
2026-09-29 00:42:49,561 [INFO] supply-chain-mas: [sim] {'ok': True, 'shipment_id': 'SHP-001', 'risk_score': 56.0, 'risk_level': 'MEDIUM', 'action': 'Reroute shipment', 'total_cost': 14000.0, 'alert': None}
2026-09-29 00:42:54,601 [INFO] supply-chain-mas: [sim] {'ok': True, 'shipment_id': 'SHP-004', 'risk_score': 11.0, 'risk_level': 'LOW', 'action': 'Reroute shipment', 'total_cost': 19000.0, 'alert': None}
2026-09-29 00:42:59,614 [INFO] supply-chain-mas: [sim] {'ok': True, 'shipment_id': 'SHP-002', 'risk_score': 39.0, 'risk_level': 'MEDIUM', 'action': 'Reroute shipment', 'total_cost': 16000.0, 'alert': None}
2026-09-29 00:43:04,640 [INFO] supply-chain-mas: [sim] {'ok': True, 'shipment_id': 'SHP-005', 'risk_score': 53.0, 'risk_level': 'MEDIUM', 'action': 'Reroute shipment', 'total_cost': 13000.0, 'alert': None}
2026-09-29 00:43:09,656 [INFO] supply-chain-mas: [sim] {'ok': True, 'shipment_id': 'SHP-001', 'risk_score': 47.0, 'risk_level': 'MEDIUM', 'action': 'Reroute shipment', 'total_cost': 14000.0, 'alert': None}
2026-09-29 00:43:14,687 [INFO] supply-chain-mas: [sim] {'ok': True, 'shipment_id': 'SHP-005', 'risk_score': 47.0, 'risk_level': 'MEDIUM', 'action': 'Reroute shipment', 'total_cost': 13000.0, 'alert': None}
2026-09-29 00:43:19,732 [INFO] supply-chain-mas: [sim] {'ok': True, 'shipment_id': 'SHP-005', 'risk_score': 34.0, 'risk_level': 'LOW', 'action': 'Reroute shipment', 'total_cost': 13000.0, 'alert': None}
2026-09-29 00:43:24,791 [INFO] supply-chain-mas: [sim] {'ok': True, 'shipment_id': 'SHP-004', 'risk_score': 19.0, 'risk_level': 'LOW', 'action': 'Reroute shipment', 'total_cost': 19000.0, 'alert': None}
2026-09-29 00:43:29,832 [INFO] supply-chain-mas: [sim] {'ok': True, 'shipment_id': 'SHP-003', 'risk_score': 64.0, 'risk_level': 'HIGH', 'action': 'Reroute shipment', 'total_cost': 22000.0, 'alert': 'HIGH risk (64.0/100) on SHP-003: Moderate rainfall (42mm) raised risk.'}
2026-09-29 00:43:34,881 [INFO] supply-chain-mas: [sim] {'ok': True, 'shipment_id': 'SHP-005', 'risk_score': 30.0, 'risk_level': 'LOW', 'action': 'Reroute shipment', 'total_cost': 13000.0, 'alert': None}
2026-09-29 00:43:39,919 [INFO] supply-chain-mas: [sim] {'ok': True, 'shipment_id': 'SHP-002', 'risk_score': 25.0, 'risk_level': 'LOW', 'action': 'Reroute shipment', 'total_cost': 16000.0, 'alert': None}
2026-09-29 00:43:44,960 [INFO] supply-chain-mas: [sim] {'ok': True, 'shipment_id': 'SHP-005', 'risk_score': 59.0, 'risk_level': 'MEDIUM', 'action': 'Reroute shipment', 'total_cost': 13000.0, 'alert': None}
2026-09-29 00:43:49,997 [INFO] supply-chain-mas: [sim] {'ok': True, 'shipment_id': 'SHP-005', 'risk_score': 44.0, 'risk_level': 'MEDIUM', 'action': 'Reroute shipment', 'total_cost': 13000.0, 'alert': None}
2026-09-29 00:43:55,053 [INFO] supply-chain-mas: [sim] {'ok': True, 'shipment_id': 'SHP-004', 'risk_score': 31.0, 'risk_level': 'LOW', 'action': 'Reroute shipment', 'total_cost': 19000.0, 'alert': None}
2026-09-29 00:44:00,093 [INFO] supply-chain-mas: [sim] {'ok': True, 'shipment_id': 'SHP-003', 'risk_score': 95.0, 'risk_level': 'CRITICAL', 'action': 'Use alternate supplier', 'total_cost': 28000.0, 'alert': 'CRITICAL risk (95.0/100) on SHP-003: Heavy rainfall (84mm) increased route risk.'}
2026-09-29 00:44:05,147 [INFO] supply-chain-mas: [sim] {'ok': True, 'shipment_id': 'SHP-004', 'risk_score': 62.0, 'risk_level': 'HIGH', 'action': 'Reroute shipment', 'total_cost': 19000.0, 'alert': 'HIGH risk (62.0/100) on SHP-004: Heavy rainfall (84mm) increased route risk.'}
2026-09-29 00:44:10,179 [INFO] supply-chain-mas: [sim] {'ok': True, 'shipment_id': 'SHP-004', 'risk_score': 57.0, 'risk_level': 'MEDIUM', 'action': 'Reroute shipment', 'total_cost': 19000.0, 'alert': None}
2026-09-29 00:44:15,195 [INFO] supply-chain-mas: [sim] {'ok': True, 'shipment_id': 'SHP-002', 'risk_score': 11.0, 'risk_level': 'LOW', 'action': 'Reroute shipment', 'total_cost': 16000.0, 'alert': None}
2026-09-29 00:44:20,215 [INFO] supply-chain-mas: [sim] {'ok': True, 'shipment_id': 'SHP-003', 'risk_score': 79.0, 'risk_level': 'HIGH', 'action': 'Use alternate supplier', 'total_cost': 28000.0, 'alert': 'HIGH risk (79.0/100) on SHP-003: Moderate rainfall (79mm) raised risk.'}
2026-09-29 00:44:25,256 [INFO] supply-chain-mas: [sim] {'ok': True, 'shipment_id': 'SHP-005', 'risk_score': 36.0, 'risk_level': 'MEDIUM', 'action': 'Reroute shipment', 'total_cost': 13000.0, 'alert': None}
2026-09-29 00:44:30,299 [INFO] supply-chain-mas: [sim] {'ok': True, 'shipment_id': 'SHP-005', 'risk_score': 54.0, 'risk_level': 'MEDIUM', 'action': 'Reroute shipment', 'total_cost': 13000.0, 'alert': None}
2026-09-29 00:44:35,347 [INFO] supply-chain-mas: [sim] {'ok': True, 'shipment_id': 'SHP-005', 'risk_score': 46.0, 'risk_level': 'MEDIUM', 'action': 'Reroute shipment', 'total_cost': 13000.0, 'alert': None}
2026-09-29 00:44:40,376 [INFO] supply-chain-mas: [sim] {'ok': True, 'shipment_id': 'SHP-001', 'risk_score': 66.0, 'risk_level': 'HIGH', 'action': 'Reroute shipment', 'total_cost': 14000.0, 'alert': 'HIGH risk (66.0/100) on SHP-001: Moderate rainfall (49mm) raised risk.'}
2026-09-29 00:44:45,415 [INFO] supply-chain-mas: [sim] {'ok': True, 'shipment_id': 'SHP-004', 'risk_score': 39.0, 'risk_level': 'MEDIUM', 'action': 'Reroute shipment', 'total_cost': 19000.0, 'alert': None}
2026-09-29 00:44:50,437 [INFO] supply-chain-mas: [sim] {'ok': True, 'shipment_id': 'SHP-002', 'risk_score': 40.0, 'risk_level': 'MEDIUM', 'action': 'Reroute shipment', 'total_cost': 16000.0, 'alert': None}
2026-09-29 00:44:55,469 [INFO] supply-chain-mas: [sim] {'ok': True, 'shipment_id': 'SHP-003', 'risk_score': 48.0, 'risk_level': 'MEDIUM', 'action': 'Reroute shipment', 'total_cost': 22000.0, 'alert': None}
2026-09-29 00:45:00,484 [INFO] supply-chain-mas: [sim] {'ok': True, 'shipment_id': 'SHP-002', 'risk_score': 27.0, 'risk_level': 'LOW', 'action': 'Reroute shipment', 'total_cost': 16000.0, 'alert': None}
2026-09-29 00:45:05,533 [INFO] supply-chain-mas: [sim] {'ok': True, 'shipment_id': 'SHP-005', 'risk_score': 69.0, 'risk_level': 'HIGH', 'action': 'Reroute shipment', 'total_cost': 13000.0, 'alert': 'HIGH risk (69.0/100) on SHP-005: Heavy rainfall (109mm) increased route risk.'}
2026-09-29 00:45:10,572 [INFO] supply-chain-mas: [sim] {'ok': True, 'shipment_id': 'SHP-001', 'risk_score': 52.0, 'risk_level': 'MEDIUM', 'action': 'Reroute shipment', 'total_cost': 14000.0, 'alert': None}
2026-09-29 00:45:15,616 [INFO] supply-chain-mas: [sim] {'ok': True, 'shipment_id': 'SHP-001', 'risk_score': 43.0, 'risk_level': 'MEDIUM', 'action': 'Reroute shipment', 'total_cost': 14000.0, 'alert': None}
2026-09-29 00:45:20,643 [INFO] supply-chain-mas: [sim] {'ok': True, 'shipment_id': 'SHP-005', 'risk_score': 52.0, 'risk_level': 'MEDIUM', 'action': 'Reroute shipment', 'total_cost': 13000.0, 'alert': None}
2026-09-29 00:45:25,668 [INFO] supply-chain-mas: [sim] {'ok': True, 'shipment_id': 'SHP-002', 'risk_score': 41.0, 'risk_level': 'MEDIUM', 'action': 'Reroute shipment', 'total_cost': 16000.0, 'alert': None}
2026-09-29 00:45:30,716 [INFO] supply-chain-mas: [sim] {'ok': True, 'shipment_id': 'SHP-003', 'risk_score': 64.0, 'risk_level': 'HIGH', 'action': 'Reroute shipment', 'total_cost': 22000.0, 'alert': 'HIGH risk (64.0/100) on SHP-003: Light rainfall (21mm) slightly raised risk.'}
2026-09-29 00:45:35,764 [INFO] supply-chain-mas: [sim] {'ok': True, 'shipment_id': 'SHP-005', 'risk_score': 77.0, 'risk_level': 'HIGH', 'action': 'Use alternate supplier', 'total_cost': 19000.0, 'alert': 'HIGH risk (77.0/100) on SHP-005: Heavy rainfall (113mm) increased route risk.'}
2026-09-29 00:45:40,795 [INFO] supply-chain-mas: [sim] {'ok': True, 'shipment_id': 'SHP-004', 'risk_score': 46.0, 'risk_level': 'MEDIUM', 'action': 'Reroute shipment', 'total_cost': 19000.0, 'alert': None}
2026-09-29 00:45:45,831 [INFO] supply-chain-mas: [sim] {'ok': True, 'shipment_id': 'SHP-004', 'risk_score': 38.0, 'risk_level': 'MEDIUM', 'action': 'Reroute shipment', 'total_cost': 19000.0, 'alert': None}
2026-09-29 00:45:50,878 [INFO] supply-chain-mas: [sim] {'ok': True, 'shipment_id': 'SHP-001', 'risk_score': 25.0, 'risk_level': 'LOW', 'action': 'Reroute shipment', 'total_cost': 14000.0, 'alert': None}
2026-09-29 00:45:55,925 [INFO] supply-chain-mas: [sim] {'ok': True, 'shipment_id': 'SHP-003', 'risk_score': 58.0, 'risk_level': 'MEDIUM', 'action': 'Reroute shipment', 'total_cost': 22000.0, 'alert': None}
2026-09-29 00:46:00,955 [INFO] supply-chain-mas: [sim] {'ok': True, 'shipment_id': 'SHP-003', 'risk_score': 44.0, 'risk_level': 'MEDIUM', 'action': 'Reroute shipment', 'total_cost': 22000.0, 'alert': None}
2026-09-29 00:46:05,989 [INFO] supply-chain-mas: [sim] {'ok': True, 'shipment_id': 'SHP-005', 'risk_score': 18.0, 'risk_level': 'LOW', 'action': 'Reroute shipment', 'total_cost': 13000.0, 'alert': None}
2026-09-29 00:46:11,027 [INFO] supply-chain-mas: [sim] {'ok': True, 'shipment_id': 'SHP-001', 'risk_score': 37.0, 'risk_level': 'MEDIUM', 'action': 'Reroute shipment', 'total_cost': 14000.0, 'alert': None}
2026-09-29 00:46:16,066 [INFO] supply-chain-mas: [sim] {'ok': True, 'shipment_id': 'SHP-002', 'risk_score': 36.0, 'risk_level': 'MEDIUM', 'action': 'Reroute shipment', 'total_cost': 16000.0, 'alert': None}
2026-09-29 00:46:21,122 [INFO] supply-chain-mas: [sim] {'ok': True, 'shipment_id': 'SHP-005', 'risk_score': 44.0, 'risk_level': 'MEDIUM', 'action': 'Reroute shipment', 'total_cost': 13000.0, 'alert': None}
2026-09-29 00:46:26,163 [INFO] supply-chain-mas: [sim] {'ok': True, 'shipment_id': 'SHP-004', 'risk_score': 35.0, 'risk_level': 'MEDIUM', 'action': 'Reroute shipment', 'total_cost': 19000.0, 'alert': None}
2026-09-29 00:46:31,199 [INFO] supply-chain-mas: [sim] {'ok': True, 'shipment_id': 'SHP-003', 'risk_score': 83.0, 'risk_level': 'CRITICAL', 'action': 'Use alternate supplier', 'total_cost': 28000.0, 'alert': 'CRITICAL risk (83.0/100) on SHP-003: Moderate rainfall (67mm) raised risk.'}
2026-09-29 00:46:36,238 [INFO] supply-chain-mas: [sim] {'ok': True, 'shipment_id': 'SHP-004', 'risk_score': 25.0, 'risk_level': 'LOW', 'action': 'Reroute shipment', 'total_cost': 19000.0, 'alert': None}
2026-09-29 00:46:41,269 [INFO] supply-chain-mas: [sim] {'ok': True, 'shipment_id': 'SHP-004', 'risk_score': 33.0, 'risk_level': 'LOW', 'action': 'Reroute shipment', 'total_cost': 19000.0, 'alert': None}
2026-09-29 00:46:46,295 [INFO] supply-chain-mas: [sim] {'ok': True, 'shipment_id': 'SHP-001', 'risk_score': 46.0, 'risk_level': 'MEDIUM', 'action': 'Reroute shipment', 'total_cost': 14000.0, 'alert': None}
2026-09-29 00:46:51,331 [INFO] supply-chain-mas: [sim] {'ok': True, 'shipment_id': 'SHP-002', 'risk_score': 60.0, 'risk_level': 'HIGH', 'action': 'Reroute shipment', 'total_cost': 16000.0, 'alert': 'HIGH risk (60.0/100) on SHP-002: Heavy rainfall (83mm) increased route risk.'}
2026-09-29 00:46:56,357 [INFO] supply-chain-mas: [sim] {'ok': True, 'shipment_id': 'SHP-005', 'risk_score': 62.0, 'risk_level': 'HIGH', 'action': 'Reroute shipment', 'total_cost': 13000.0, 'alert': 'HIGH risk (62.0/100) on SHP-005: Moderate rainfall (50mm) raised risk.'}
2026-09-29 00:47:01,387 [INFO] supply-chain-mas: [sim] {'ok': True, 'shipment_id': 'SHP-005', 'risk_score': 46.0, 'risk_level': 'MEDIUM', 'action': 'Reroute shipment', 'total_cost': 13000.0, 'alert': None}
2026-09-29 00:47:06,406 [INFO] supply-chain-mas: [sim] {'ok': True, 'shipment_id': 'SHP-005', 'risk_score': 62.0, 'risk_level': 'HIGH', 'action': 'Reroute shipment', 'total_cost': 13000.0, 'alert': 'HIGH risk (62.0/100) on SHP-005: Moderate rainfall (63mm) raised risk.'}
2026-09-29 00:47:11,444 [INFO] supply-chain-mas: [sim] {'ok': True, 'shipment_id': 'SHP-003', 'risk_score': 58.0, 'risk_level': 'MEDIUM', 'action': 'Reroute shipment', 'total_cost': 22000.0, 'alert': None}
2026-09-29 00:47:16,481 [INFO] supply-chain-mas: [sim] {'ok': True, 'shipment_id': 'SHP-004', 'risk_score': 56.0, 'risk_level': 'MEDIUM', 'action': 'Reroute shipment', 'total_cost': 19000.0, 'alert': None}
2026-09-29 00:47:21,508 [INFO] supply-chain-mas: [sim] {'ok': True, 'shipment_id': 'SHP-004', 'risk_score': 11.0, 'risk_level': 'LOW', 'action': 'Reroute shipment', 'total_cost': 19000.0, 'alert': None}
2026-09-29 00:47:26,550 [INFO] supply-chain-mas: [sim] {'ok': True, 'shipment_id': 'SHP-003', 'risk_score': 56.0, 'risk_level': 'MEDIUM', 'action': 'Reroute shipment', 'total_cost': 22000.0, 'alert': None}
2026-09-29 00:47:31,577 [INFO] supply-chain-mas: [sim] {'ok': True, 'shipment_id': 'SHP-002', 'risk_score': 17.0, 'risk_level': 'LOW', 'action': 'Reroute shipment', 'total_cost': 16000.0, 'alert': None}
2026-09-29 00:47:36,626 [INFO] supply-chain-mas: [sim] {'ok': True, 'shipment_id': 'SHP-003', 'risk_score': 88.0, 'risk_level': 'CRITICAL', 'action': 'Use alternate supplier', 'total_cost': 28000.0, 'alert': 'CRITICAL risk (88.0/100) on SHP-003: Heavy rainfall (113mm) increased route risk.'}
2026-09-29 00:47:41,651 [INFO] supply-chain-mas: [sim] {'ok': True, 'shipment_id': 'SHP-002', 'risk_score': 23.0, 'risk_level': 'LOW', 'action': 'Reroute shipment', 'total_cost': 16000.0, 'alert': None}
2026-09-29 00:47:46,688 [INFO] supply-chain-mas: [sim] {'ok': True, 'shipment_id': 'SHP-002', 'risk_score': 25.0, 'risk_level': 'LOW', 'action': 'Reroute shipment', 'total_cost': 16000.0, 'alert': None}
2026-09-29 00:47:51,725 [INFO] supply-chain-mas: [sim] {'ok': True, 'shipment_id': 'SHP-002', 'risk_score': 19.0, 'risk_level': 'LOW', 'action': 'Reroute shipment', 'total_cost': 16000.0, 'alert': None}
2026-09-29 00:47:56,728 [INFO] supply-chain-mas: [sim] {'ok': True, 'shipment_id': 'SHP-001', 'risk_score': 67.0, 'risk_level': 'HIGH', 'action': 'Reroute shipment', 'total_cost': 14000.0, 'alert': 'HIGH risk (67.0/100) on SHP-001: Heavy rainfall (85mm) increased route risk.'}
2026-09-29 00:48:01,756 [INFO] supply-chain-mas: [sim] {'ok': True, 'shipment_id': 'SHP-005', 'risk_score': 30.0, 'risk_level': 'LOW', 'action': 'Reroute shipment', 'total_cost': 13000.0, 'alert': None}
2026-09-29 00:48:06,788 [INFO] supply-chain-mas: [sim] {'ok': True, 'shipment_id': 'SHP-005', 'risk_score': 44.0, 'risk_level': 'MEDIUM', 'action': 'Reroute shipment', 'total_cost': 13000.0, 'alert': None}
2026-09-29 00:48:11,832 [INFO] supply-chain-mas: [sim] {'ok': True, 'shipment_id': 'SHP-003', 'risk_score': 78.0, 'risk_level': 'HIGH', 'action': 'Use alternate supplier', 'total_cost': 28000.0, 'alert': 'HIGH risk (78.0/100) on SHP-003: Heavy rainfall (129mm) increased route risk.'}
2026-09-29 00:48:16,856 [INFO] supply-chain-mas: [sim] {'ok': True, 'shipment_id': 'SHP-005', 'risk_score': 62.0, 'risk_level': 'HIGH', 'action': 'Reroute shipment', 'total_cost': 13000.0, 'alert': 'HIGH risk (62.0/100) on SHP-005: Moderate rainfall (49mm) raised risk.'}
2026-09-29 00:48:21,888 [INFO] supply-chain-mas: [sim] {'ok': True, 'shipment_id': 'SHP-004', 'risk_score': 30.0, 'risk_level': 'LOW', 'action': 'Reroute shipment', 'total_cost': 19000.0, 'alert': None}
2026-09-29 00:48:26,935 [INFO] supply-chain-mas: [sim] {'ok': True, 'shipment_id': 'SHP-005', 'risk_score': 54.0, 'risk_level': 'MEDIUM', 'action': 'Reroute shipment', 'total_cost': 13000.0, 'alert': None}
2026-09-29 00:48:31,954 [INFO] supply-chain-mas: [sim] {'ok': True, 'shipment_id': 'SHP-002', 'risk_score': 52.0, 'risk_level': 'MEDIUM', 'action': 'Reroute shipment', 'total_cost': 16000.0, 'alert': None}
2026-09-29 00:48:36,985 [INFO] supply-chain-mas: [sim] {'ok': True, 'shipment_id': 'SHP-001', 'risk_score': 52.0, 'risk_level': 'MEDIUM', 'action': 'Reroute shipment', 'total_cost': 14000.0, 'alert': None}
2026-09-29 00:48:42,013 [INFO] supply-chain-mas: [sim] {'ok': True, 'shipment_id': 'SHP-004', 'risk_score': 31.0, 'risk_level': 'LOW', 'action': 'Reroute shipment', 'total_cost': 19000.0, 'alert': None}
2026-09-29 00:48:47,042 [INFO] supply-chain-mas: [sim] {'ok': True, 'shipment_id': 'SHP-004', 'risk_score': 21.0, 'risk_level': 'LOW', 'action': 'Reroute shipment', 'total_cost': 19000.0, 'alert': None}
2026-09-29 00:48:52,089 [INFO] supply-chain-mas: [sim] {'ok': True, 'shipment_id': 'SHP-001', 'risk_score': 55.0, 'risk_level': 'MEDIUM', 'action': 'Reroute shipment', 'total_cost': 14000.0, 'alert': None}
2026-09-29 00:48:57,156 [INFO] supply-chain-mas: [sim] {'ok': True, 'shipment_id': 'SHP-001', 'risk_score': 70.0, 'risk_level': 'HIGH', 'action': 'Reroute shipment', 'total_cost': 14000.0, 'alert': 'HIGH risk (70.0/100) on SHP-001: Heavy rainfall (118mm) increased route risk.'}
2026-09-29 00:49:02,194 [INFO] supply-chain-mas: [sim] {'ok': True, 'shipment_id': 'SHP-005', 'risk_score': 46.0, 'risk_level': 'MEDIUM', 'action': 'Reroute shipment', 'total_cost': 13000.0, 'alert': None}
2026-09-29 00:49:07,218 [INFO] supply-chain-mas: [sim] {'ok': True, 'shipment_id': 'SHP-004', 'risk_score': 49.0, 'risk_level': 'MEDIUM', 'action': 'Reroute shipment', 'total_cost': 19000.0, 'alert': None}
2026-09-29 00:49:12,272 [INFO] supply-chain-mas: [sim] {'ok': True, 'shipment_id': 'SHP-002', 'risk_score': 13.0, 'risk_level': 'LOW', 'action': 'Reroute shipment', 'total_cost': 16000.0, 'alert': None}
2026-09-29 00:49:17,289 [INFO] supply-chain-mas: [sim] {'ok': True, 'shipment_id': 'SHP-004', 'risk_score': 17.0, 'risk_level': 'LOW', 'action': 'Reroute shipment', 'total_cost': 19000.0, 'alert': None}
2026-09-29 00:49:22,331 [INFO] supply-chain-mas: [sim] {'ok': True, 'shipment_id': 'SHP-003', 'risk_score': 52.0, 'risk_level': 'MEDIUM', 'action': 'Reroute shipment', 'total_cost': 22000.0, 'alert': None}
2026-09-29 00:49:27,374 [INFO] supply-chain-mas: [sim] {'ok': True, 'shipment_id': 'SHP-001', 'risk_score': 43.0, 'risk_level': 'MEDIUM', 'action': 'Reroute shipment', 'total_cost': 14000.0, 'alert': None}
2026-09-29 00:49:32,433 [INFO] supply-chain-mas: [sim] {'ok': True, 'shipment_id': 'SHP-001', 'risk_score': 53.0, 'risk_level': 'MEDIUM', 'action': 'Reroute shipment', 'total_cost': 14000.0, 'alert': None}
2026-09-29 00:49:37,473 [INFO] supply-chain-mas: [sim] {'ok': True, 'shipment_id': 'SHP-004', 'risk_score': 50.0, 'risk_level': 'MEDIUM', 'action': 'Reroute shipment', 'total_cost': 19000.0, 'alert': None}
2026-09-29 00:49:42,531 [INFO] supply-chain-mas: [sim] {'ok': True, 'shipment_id': 'SHP-003', 'risk_score': 64.0, 'risk_level': 'HIGH', 'action': 'Reroute shipment', 'total_cost': 22000.0, 'alert': 'HIGH risk (64.0/100) on SHP-003: Light rainfall (37mm) slightly raised risk.'}
2026-09-29 00:49:47,564 [INFO] supply-chain-mas: [sim] {'ok': True, 'shipment_id': 'SHP-002', 'risk_score': 35.0, 'risk_level': 'MEDIUM', 'action': 'Reroute shipment', 'total_cost': 16000.0, 'alert': None}
2026-09-29 00:49:52,597 [INFO] supply-chain-mas: [sim] {'ok': True, 'shipment_id': 'SHP-004', 'risk_score': 52.0, 'risk_level': 'MEDIUM', 'action': 'Reroute shipment', 'total_cost': 19000.0, 'alert': None}
2026-09-29 00:49:57,652 [INFO] supply-chain-mas: [sim] {'ok': True, 'shipment_id': 'SHP-005', 'risk_score': 59.0, 'risk_level': 'MEDIUM', 'action': 'Reroute shipment', 'total_cost': 13000.0, 'alert': None}
2026-09-29 00:50:02,700 [INFO] supply-chain-mas: [sim] {'ok': True, 'shipment_id': 'SHP-001', 'risk_score': 43.0, 'risk_level': 'MEDIUM', 'action': 'Reroute shipment', 'total_cost': 14000.0, 'alert': None}
2026-09-29 00:50:07,751 [INFO] supply-chain-mas: [sim] {'ok': True, 'shipment_id': 'SHP-004', 'risk_score': 31.0, 'risk_level': 'LOW', 'action': 'Reroute shipment', 'total_cost': 19000.0, 'alert': None}
2026-09-29 00:50:12,812 [INFO] supply-chain-mas: [sim] {'ok': True, 'shipment_id': 'SHP-003', 'risk_score': 64.0, 'risk_level': 'HIGH', 'action': 'Reroute shipment', 'total_cost': 22000.0, 'alert': 'HIGH risk (64.0/100) on SHP-003: Light rainfall (18mm) slightly raised risk.'}
2026-09-29 00:50:17,869 [INFO] supply-chain-mas: [sim] {'ok': True, 'shipment_id': 'SHP-005', 'risk_score': 68.0, 'risk_level': 'HIGH', 'action': 'Reroute shipment', 'total_cost': 13000.0, 'alert': 'HIGH risk (68.0/100) on SHP-005: Heavy rainfall (90mm) increased route risk.'}
2026-09-29 00:50:22,898 [INFO] supply-chain-mas: [sim] {'ok': True, 'shipment_id': 'SHP-004', 'risk_score': 62.0, 'risk_level': 'HIGH', 'action': 'Reroute shipment', 'total_cost': 19000.0, 'alert': 'HIGH risk (62.0/100) on SHP-004: Heavy rainfall (114mm) increased route risk.'}
2026-09-29 00:50:27,897 [INFO] supply-chain-mas: [sim] {'ok': True, 'shipment_id': 'SHP-004', 'risk_score': 17.0, 'risk_level': 'LOW', 'action': 'Reroute shipment', 'total_cost': 19000.0, 'alert': None}
2026-09-29 00:50:32,928 [INFO] supply-chain-mas: [sim] {'ok': True, 'shipment_id': 'SHP-005', 'risk_score': 38.0, 'risk_level': 'MEDIUM', 'action': 'Reroute shipment', 'total_cost': 13000.0, 'alert': None}
2026-09-29 00:50:37,961 [INFO] supply-chain-mas: [sim] {'ok': True, 'shipment_id': 'SHP-004', 'risk_score': 13.0, 'risk_level': 'LOW', 'action': 'Reroute shipment', 'total_cost': 19000.0, 'alert': None}
2026-09-29 00:50:42,993 [INFO] supply-chain-mas: [sim] {'ok': True, 'shipment_id': 'SHP-001', 'risk_score': 67.0, 'risk_level': 'HIGH', 'action': 'Reroute shipment', 'total_cost': 14000.0, 'alert': 'HIGH risk (67.0/100) on SHP-001: Heavy rainfall (124mm) increased route risk.'}
2026-09-29 00:50:48,017 [INFO] supply-chain-mas: [sim] {'ok': True, 'shipment_id': 'SHP-005', 'risk_score': 39.0, 'risk_level': 'MEDIUM', 'action': 'Reroute shipment', 'total_cost': 13000.0, 'alert': None}
2026-09-29 00:50:53,047 [INFO] supply-chain-mas: [sim] {'ok': True, 'shipment_id': 'SHP-002', 'risk_score': 49.0, 'risk_level': 'MEDIUM', 'action': 'Reroute shipment', 'total_cost': 16000.0, 'alert': None}
2026-09-29 00:50:58,094 [INFO] supply-chain-mas: [sim] {'ok': True, 'shipment_id': 'SHP-003', 'risk_score': 89.0, 'risk_level': 'CRITICAL', 'action': 'Use alternate supplier', 'total_cost': 28000.0, 'alert': 'CRITICAL risk (89.0/100) on SHP-003: Heavy rainfall (135mm) increased route risk.'}
2026-09-29 00:51:03,123 [INFO] supply-chain-mas: [sim] {'ok': True, 'shipment_id': 'SHP-003', 'risk_score': 56.0, 'risk_level': 'MEDIUM', 'action': 'Reroute shipment', 'total_cost': 22000.0, 'alert': None}
2026-09-29 00:51:08,146 [INFO] supply-chain-mas: [sim] {'ok': True, 'shipment_id': 'SHP-001', 'risk_score': 58.0, 'risk_level': 'MEDIUM', 'action': 'Reroute shipment', 'total_cost': 14000.0, 'alert': None}
2026-09-29 00:51:13,152 [INFO] supply-chain-mas: [sim] {'ok': True, 'shipment_id': 'SHP-004', 'risk_score': 31.0, 'risk_level': 'LOW', 'action': 'Reroute shipment', 'total_cost': 19000.0, 'alert': None}
2026-09-29 00:51:18,202 [INFO] supply-chain-mas: [sim] {'ok': True, 'shipment_id': 'SHP-003', 'risk_score': 56.0, 'risk_level': 'MEDIUM', 'action': 'Reroute shipment', 'total_cost': 22000.0, 'alert': None}
2026-09-29 00:51:23,240 [INFO] supply-chain-mas: [sim] {'ok': True, 'shipment_id': 'SHP-002', 'risk_score': 34.0, 'risk_level': 'LOW', 'action': 'Reroute shipment', 'total_cost': 16000.0, 'alert': None}
2026-09-29 00:51:28,261 [INFO] supply-chain-mas: [sim] {'ok': True, 'shipment_id': 'SHP-003', 'risk_score': 52.0, 'risk_level': 'MEDIUM', 'action': 'Reroute shipment', 'total_cost': 22000.0, 'alert': None}
2026-09-29 00:51:33,308 [INFO] supply-chain-mas: [sim] {'ok': True, 'shipment_id': 'SHP-001', 'risk_score': 70.0, 'risk_level': 'HIGH', 'action': 'Reroute shipment', 'total_cost': 14000.0, 'alert': 'HIGH risk (70.0/100) on SHP-001: Heavy rainfall (127mm) increased route risk.'}
2026-09-29 00:51:38,354 [INFO] supply-chain-mas: [sim] {'ok': True, 'shipment_id': 'SHP-003', 'risk_score': 56.0, 'risk_level': 'MEDIUM', 'action': 'Reroute shipment', 'total_cost': 22000.0, 'alert': None}
2026-09-29 00:51:43,391 [INFO] supply-chain-mas: [sim] {'ok': True, 'shipment_id': 'SHP-004', 'risk_score': 45.0, 'risk_level': 'MEDIUM', 'action': 'Reroute shipment', 'total_cost': 19000.0, 'alert': None}
2026-09-29 00:51:48,435 [INFO] supply-chain-mas: [sim] {'ok': True, 'shipment_id': 'SHP-003', 'risk_score': 72.0, 'risk_level': 'HIGH', 'action': 'Reroute shipment', 'total_cost': 22000.0, 'alert': 'HIGH risk (72.0/100) on SHP-003: Light rainfall (18mm) slightly raised risk.'}
2026-09-29 00:51:53,490 [INFO] supply-chain-mas: [sim] {'ok': True, 'shipment_id': 'SHP-001', 'risk_score': 43.0, 'risk_level': 'MEDIUM', 'action': 'Reroute shipment', 'total_cost': 14000.0, 'alert': None}
2026-09-29 00:51:58,532 [INFO] supply-chain-mas: [sim] {'ok': True, 'shipment_id': 'SHP-004', 'risk_score': 25.0, 'risk_level': 'LOW', 'action': 'Reroute shipment', 'total_cost': 19000.0, 'alert': None}
2026-09-29 00:52:03,557 [INFO] supply-chain-mas: [sim] {'ok': True, 'shipment_id': 'SHP-004', 'risk_score': 17.0, 'risk_level': 'LOW', 'action': 'Reroute shipment', 'total_cost': 19000.0, 'alert': None}
2026-09-29 00:52:08,612 [INFO] supply-chain-mas: [sim] {'ok': True, 'shipment_id': 'SHP-005', 'risk_score': 61.0, 'risk_level': 'HIGH', 'action': 'Reroute shipment', 'total_cost': 13000.0, 'alert': 'HIGH risk (61.0/100) on SHP-005: Light rainfall (40mm) slightly raised risk.'}
2026-09-29 00:52:13,651 [INFO] supply-chain-mas: [sim] {'ok': True, 'shipment_id': 'SHP-005', 'risk_score': 36.0, 'risk_level': 'MEDIUM', 'action': 'Reroute shipment', 'total_cost': 13000.0, 'alert': None}
2026-09-29 00:52:18,700 [INFO] supply-chain-mas: [sim] {'ok': True, 'shipment_id': 'SHP-004', 'risk_score': 29.0, 'risk_level': 'LOW', 'action': 'Reroute shipment', 'total_cost': 19000.0, 'alert': None}
2026-09-29 00:52:23,740 [INFO] supply-chain-mas: [sim] {'ok': True, 'shipment_id': 'SHP-004', 'risk_score': 31.0, 'risk_level': 'LOW', 'action': 'Reroute shipment', 'total_cost': 19000.0, 'alert': None}
2026-09-29 00:52:28,772 [INFO] supply-chain-mas: [sim] {'ok': True, 'shipment_id': 'SHP-001', 'risk_score': 39.0, 'risk_level': 'MEDIUM', 'action': 'Reroute shipment', 'total_cost': 14000.0, 'alert': None}
2026-09-29 00:52:33,808 [INFO] supply-chain-mas: [sim] {'ok': True, 'shipment_id': 'SHP-001', 'risk_score': 25.0, 'risk_level': 'LOW', 'action': 'Reroute shipment', 'total_cost': 14000.0, 'alert': None}
2026-09-29 00:52:38,852 [INFO] supply-chain-mas: [sim] {'ok': True, 'shipment_id': 'SHP-001', 'risk_score': 56.0, 'risk_level': 'MEDIUM', 'action': 'Reroute shipment', 'total_cost': 14000.0, 'alert': None}
2026-09-29 00:52:43,879 [INFO] supply-chain-mas: [sim] {'ok': True, 'shipment_id': 'SHP-004', 'risk_score': 23.0, 'risk_level': 'LOW', 'action': 'Reroute shipment', 'total_cost': 19000.0, 'alert': None}
2026-09-29 00:52:48,923 [INFO] supply-chain-mas: [sim] {'ok': True, 'shipment_id': 'SHP-003', 'risk_score': 50.0, 'risk_level': 'MEDIUM', 'action': 'Reroute shipment', 'total_cost': 22000.0, 'alert': None}
2026-09-29 00:52:53,944 [INFO] supply-chain-mas: [sim] {'ok': True, 'shipment_id': 'SHP-001', 'risk_score': 59.0, 'risk_level': 'MEDIUM', 'action': 'Reroute shipment', 'total_cost': 14000.0, 'alert': None}
2026-09-29 00:52:58,982 [INFO] supply-chain-mas: [sim] {'ok': True, 'shipment_id': 'SHP-003', 'risk_score': 64.0, 'risk_level': 'HIGH', 'action': 'Reroute shipment', 'total_cost': 22000.0, 'alert': 'HIGH risk (64.0/100) on SHP-003: Light rainfall (19mm) slightly raised risk.'}
2026-09-29 00:53:04,022 [INFO] supply-chain-mas: [sim] {'ok': True, 'shipment_id': 'SHP-005', 'risk_score': 30.0, 'risk_level': 'LOW', 'action': 'Reroute shipment', 'total_cost': 13000.0, 'alert': None}
2026-09-29 00:53:09,053 [INFO] supply-chain-mas: [sim] {'ok': True, 'shipment_id': 'SHP-005', 'risk_score': 86.0, 'risk_level': 'CRITICAL', 'action': 'Use alternate supplier', 'total_cost': 19000.0, 'alert': 'CRITICAL risk (86.0/100) on SHP-005: Heavy rainfall (125mm) increased route risk.'}
2026-09-29 00:53:14,097 [INFO] supply-chain-mas: [sim] {'ok': True, 'shipment_id': 'SHP-004', 'risk_score': 23.0, 'risk_level': 'LOW', 'action': 'Reroute shipment', 'total_cost': 19000.0, 'alert': None}
2026-09-29 00:53:19,138 [INFO] supply-chain-mas: [sim] {'ok': True, 'shipment_id': 'SHP-003', 'risk_score': 44.0, 'risk_level': 'MEDIUM', 'action': 'Reroute shipment', 'total_cost': 22000.0, 'alert': None}
2026-09-29 00:53:24,163 [INFO] supply-chain-mas: [sim] {'ok': True, 'shipment_id': 'SHP-001', 'risk_score': 37.0, 'risk_level': 'MEDIUM', 'action': 'Reroute shipment', 'total_cost': 14000.0, 'alert': None}
2026-09-29 00:53:29,177 [INFO] supply-chain-mas: [sim] {'ok': True, 'shipment_id': 'SHP-001', 'risk_score': 47.0, 'risk_level': 'MEDIUM', 'action': 'Reroute shipment', 'total_cost': 14000.0, 'alert': None}
2026-09-29 00:53:34,221 [INFO] supply-chain-mas: [sim] {'ok': True, 'shipment_id': 'SHP-005', 'risk_score': 32.0, 'risk_level': 'LOW', 'action': 'Reroute shipment', 'total_cost': 13000.0, 'alert': None}
2026-09-29 00:53:39,254 [INFO] supply-chain-mas: [sim] {'ok': True, 'shipment_id': 'SHP-005', 'risk_score': 38.0, 'risk_level': 'MEDIUM', 'action': 'Reroute shipment', 'total_cost': 13000.0, 'alert': None}
2026-09-29 00:53:44,296 [INFO] supply-chain-mas: [sim] {'ok': True, 'shipment_id': 'SHP-001', 'risk_score': 55.0, 'risk_level': 'MEDIUM', 'action': 'Reroute shipment', 'total_cost': 14000.0, 'alert': None}
2026-09-29 00:53:49,326 [INFO] supply-chain-mas: [sim] {'ok': True, 'shipment_id': 'SHP-001', 'risk_score': 41.0, 'risk_level': 'MEDIUM', 'action': 'Reroute shipment', 'total_cost': 14000.0, 'alert': None}
2026-09-29 00:53:54,373 [INFO] supply-chain-mas: [sim] {'ok': True, 'shipment_id': 'SHP-004', 'risk_score': 55.0, 'risk_level': 'MEDIUM', 'action': 'Reroute shipment', 'total_cost': 19000.0, 'alert': None}
2026-09-29 00:53:59,425 [INFO] supply-chain-mas: [sim] {'ok': True, 'shipment_id': 'SHP-005', 'risk_score': 54.0, 'risk_level': 'MEDIUM', 'action': 'Reroute shipment', 'total_cost': 13000.0, 'alert': None}
2026-09-29 00:54:04,449 [INFO] supply-chain-mas: [sim] {'ok': True, 'shipment_id': 'SHP-005', 'risk_score': 45.0, 'risk_level': 'MEDIUM', 'action': 'Reroute shipment', 'total_cost': 13000.0, 'alert': None}
2026-09-29 00:54:09,511 [INFO] supply-chain-mas: [sim] {'ok': True, 'shipment_id': 'SHP-001', 'risk_score': 77.0, 'risk_level': 'HIGH', 'action': 'Use alternate supplier', 'total_cost': 20000.0, 'alert': 'HIGH risk (77.0/100) on SHP-001: Heavy rainfall (94mm) increased route risk.'}
2026-09-29 00:54:14,547 [INFO] supply-chain-mas: [sim] {'ok': True, 'shipment_id': 'SHP-003', 'risk_score': 52.0, 'risk_level': 'MEDIUM', 'action': 'Reroute shipment', 'total_cost': 22000.0, 'alert': None}
2026-09-29 00:54:19,594 [INFO] supply-chain-mas: [sim] {'ok': True, 'shipment_id': 'SHP-004', 'risk_score': 17.0, 'risk_level': 'LOW', 'action': 'Reroute shipment', 'total_cost': 19000.0, 'alert': None}
2026-09-29 00:54:24,627 [INFO] supply-chain-mas: [sim] {'ok': True, 'shipment_id': 'SHP-002', 'risk_score': 27.0, 'risk_level': 'LOW', 'action': 'Reroute shipment', 'total_cost': 16000.0, 'alert': None}
2026-09-29 00:54:29,658 [INFO] supply-chain-mas: [sim] {'ok': True, 'shipment_id': 'SHP-005', 'risk_score': 36.0, 'risk_level': 'MEDIUM', 'action': 'Reroute shipment', 'total_cost': 13000.0, 'alert': None}
2026-09-29 00:54:34,682 [INFO] supply-chain-mas: [sim] {'ok': True, 'shipment_id': 'SHP-002', 'risk_score': 11.0, 'risk_level': 'LOW', 'action': 'Reroute shipment', 'total_cost': 16000.0, 'alert': None}
2026-09-29 00:54:39,736 [INFO] supply-chain-mas: [sim] {'ok': True, 'shipment_id': 'SHP-001', 'risk_score': 31.0, 'risk_level': 'LOW', 'action': 'Reroute shipment', 'total_cost': 14000.0, 'alert': None}
2026-09-29 00:54:44,764 [INFO] supply-chain-mas: [sim] {'ok': True, 'shipment_id': 'SHP-005', 'risk_score': 30.0, 'risk_level': 'LOW', 'action': 'Reroute shipment', 'total_cost': 13000.0, 'alert': None}
2026-09-29 00:54:49,786 [INFO] supply-chain-mas: [sim] {'ok': True, 'shipment_id': 'SHP-003', 'risk_score': 54.0, 'risk_level': 'MEDIUM', 'action': 'Reroute shipment', 'total_cost': 22000.0, 'alert': None}
2026-09-29 00:54:54,805 [INFO] supply-chain-mas: [sim] {'ok': True, 'shipment_id': 'SHP-002', 'risk_score': 25.0, 'risk_level': 'LOW', 'action': 'Reroute shipment', 'total_cost': 16000.0, 'alert': None}
